../Core/Src/main.c:264:13:MX_USART1_UART_Init	8	static,ignoring_inline_asm
../Core/Src/main.c:312:13:MX_USART2_UART_Init	8	static,ignoring_inline_asm
../Core/Src/main.c:183:6:SystemClock_Config	80	static,ignoring_inline_asm
../Core/Src/main.c:432:5:_write	8	static
../Core/Src/main.c:438:6:calculateChecksum	16	static
../Core/Src/main.c:451:5:checkUART	24	static
../Core/Src/main.c:469:6:HAL_UART_RxCpltCallback	16	static
../Core/Src/main.c:524:6:send_VALVE	16	static
../Core/Src/main.c:540:6:send_MAIN3	16	static
../Core/Src/main.c:111:5:main	80	static,ignoring_inline_asm
../Core/Src/main.c:567:6:HAL_TIM_PeriodElapsedCallback	8	static
../Core/Src/main.c:584:6:Error_Handler	0	static,ignoring_inline_asm
