../Core/Src/main.c:111:5:main	24	static
../Core/Src/main.c:183:6:SystemClock_Config	88	static
../Core/Src/main.c:224:13:MX_SPI2_Init	8	static
../Core/Src/main.c:264:13:MX_USART1_UART_Init	8	static
../Core/Src/main.c:312:13:MX_USART2_UART_Init	8	static
../Core/Src/main.c:360:13:MX_USART4_UART_Init	8	static
../Core/Src/main.c:396:13:MX_GPIO_Init	48	static
../Core/Src/main.c:432:5:_write	24	static
../Core/Src/main.c:438:6:calculateChecksum	32	static
../Core/Src/main.c:451:5:checkUART	32	static
../Core/Src/main.c:469:6:HAL_UART_RxCpltCallback	24	static
../Core/Src/main.c:524:6:send_VALVE	16	static
../Core/Src/main.c:540:6:send_MAIN3	16	static
../Core/Src/main.c:567:6:HAL_TIM_PeriodElapsedCallback	16	static
../Core/Src/main.c:584:6:Error_Handler	8	static,ignoring_inline_asm
